AR not16 behavioral D:/Tsinghua/Autumn2018/computer/projects/ALUProject/not16.vhd sub00/vhpl15 1539671061
AR main behavioral D:/Tsinghua/Autumn2018/computer/projects/ALUProject/main.vhd sub00/vhpl03 1539671065
EN or16 NULL D:/Tsinghua/Autumn2018/computer/projects/ALUProject/or16.vhd sub00/vhpl10 1539671056
AR or16 behavioral D:/Tsinghua/Autumn2018/computer/projects/ALUProject/or16.vhd sub00/vhpl11 1539671057
AR sub16 behavioral D:/Tsinghua/Autumn2018/computer/projects/ALUProject/sub16.vhd sub00/vhpl07 1539671053
AR xor16 behavioral D:/Tsinghua/Autumn2018/computer/projects/ALUProject/xor16.vhd sub00/vhpl13 1539671059
EN add16 NULL D:/Tsinghua/Autumn2018/computer/projects/ALUProject/add16.vhd sub00/vhpl04 1539671050
EN sub16 NULL D:/Tsinghua/Autumn2018/computer/projects/ALUProject/sub16.vhd sub00/vhpl06 1539671052
EN main NULL D:/Tsinghua/Autumn2018/computer/projects/ALUProject/main.vhd sub00/vhpl02 1539671064
AR and16 behavioral D:/Tsinghua/Autumn2018/computer/projects/ALUProject/and16.vhd sub00/vhpl09 1539671055
AR add16 behavioral D:/Tsinghua/Autumn2018/computer/projects/ALUProject/add16.vhd sub00/vhpl05 1539671051
EN not16 NULL D:/Tsinghua/Autumn2018/computer/projects/ALUProject/not16.vhd sub00/vhpl14 1539671060
AR alu behavioral D:/Tsinghua/Autumn2018/computer/projects/ALUProject/alu.vhd sub00/vhpl01 1539671063
EN xor16 NULL D:/Tsinghua/Autumn2018/computer/projects/ALUProject/xor16.vhd sub00/vhpl12 1539671058
EN and16 NULL D:/Tsinghua/Autumn2018/computer/projects/ALUProject/and16.vhd sub00/vhpl08 1539671054
EN alu NULL D:/Tsinghua/Autumn2018/computer/projects/ALUProject/alu.vhd sub00/vhpl00 1539671062
