V3 15
FL D:/Tsinghua/Autumn2018/computer/projects/ALUProject/add16.vhd 2018/10/15.20:47:57 P.20131013
EN work/add16 1539615094 \
      FL D:/Tsinghua/Autumn2018/computer/projects/ALUProject/add16.vhd \
      PB ieee/std_logic_1164 1381692176 PB ieee/std_logic_arith 1381692177 \
      PB ieee/STD_LOGIC_UNSIGNED 1381692179
AR work/add16/Behavioral 1539615095 \
      FL D:/Tsinghua/Autumn2018/computer/projects/ALUProject/add16.vhd \
      EN work/add16 1539615094
FL D:/Tsinghua/Autumn2018/computer/projects/ALUProject/alu.vhd 2018/10/15.22:46:36 P.20131013
EN work/alu 1539615098 \
      FL D:/Tsinghua/Autumn2018/computer/projects/ALUProject/alu.vhd \
      PB ieee/std_logic_1164 1381692176 PB ieee/std_logic_arith 1381692177 \
      PB ieee/STD_LOGIC_UNSIGNED 1381692179
AR work/alu/Behavioral 1539615099 \
      FL D:/Tsinghua/Autumn2018/computer/projects/ALUProject/alu.vhd EN work/alu 1539615098 \
      CP add16 CP sub16
FL D:/Tsinghua/Autumn2018/computer/projects/ALUProject/main.vhd 2018/10/15.22:51:24 P.20131013
EN work/main 1539615100 \
      FL D:/Tsinghua/Autumn2018/computer/projects/ALUProject/main.vhd \
      PB ieee/std_logic_1164 1381692176 PB ieee/std_logic_arith 1381692177 \
      PB ieee/STD_LOGIC_UNSIGNED 1381692179
AR work/main/Behavioral 1539615101 \
      FL D:/Tsinghua/Autumn2018/computer/projects/ALUProject/main.vhd \
      EN work/main 1539615100 CP alu
FL D:/Tsinghua/Autumn2018/computer/projects/ALUProject/sub16.vhd 2018/10/15.20:49:43 P.20131013
EN work/sub16 1539615096 \
      FL D:/Tsinghua/Autumn2018/computer/projects/ALUProject/sub16.vhd \
      PB ieee/std_logic_1164 1381692176 PB ieee/std_logic_arith 1381692177 \
      PB ieee/STD_LOGIC_UNSIGNED 1381692179
AR work/sub16/Behavioral 1539615097 \
      FL D:/Tsinghua/Autumn2018/computer/projects/ALUProject/sub16.vhd \
      EN work/sub16 1539615096
